ca65 V2.19 - Git 700c01fa8
Main file   : leddisplay.s
Current file: leddisplay.s

000000r 1               .setcpu "6502"
000000r 1               .segment "CODE"
000000r 1               
000000r 1               VIA_SAD	    := $1740		        ; A side Data
000000r 1               VIA_PADD	:= $1741		        ; A side Data Direction
000000r 1               VIA_SBD	    := $1742		        ; B side Data
000000r 1               VIA_PBDD	:= $1743		        ; B side Data Direction
000000r 1               
000000r 1               .org	$0200		                ; Where program will be loaded
000200  1               
000200  1               
000200  1               START:                              ; No Operation, this does nothing
000200  1               
000200  1               INIT_VIA:
000200  1  A9 7F                        LDA #$7F	        ; Set PA0..PA6 as output, (PA7 as input)
000202  1  8D 41 17                     STA VIA_PADD
000205  1  A9 1E                        LDA #$1E            ; Set PB0..PB4 as output, (PB5..PB7 as input)
000207  1  8D 43 17                     STA VIA_PBDD
00020A  1               
00020A  1               SHOWCHAR:
00020A  1  A9 08                        LDA #$08            ; Set active display to LED1 leftmost display
00020C  1  8D 42 17                     STA VIA_SBD
00020F  1               
00020F  1  A9 49                        LDA #$49            ; Show three bars, upper, middle, lower
000211  1  8D 40 17                     STA VIA_SAD
000214  1               
000214  1               
000214  1               HOLD:
000214  1  4C 14 02                     JMP HOLD            ; Jump to adress HOLD
000214  1               
